\BOOKMARK [0][-]{dummy.1}{\376\377\000A\000b\000s\000t\000r\000a\000c\000t}{}% 1
\BOOKMARK [0][-]{dummy.2}{\376\377\000\326\000z\000e\000t}{}% 2
\BOOKMARK [0][-]{dummy.3}{\376\377\000A\000c\000k\000n\000o\000w\000l\000e\000d\000g\000e\000m\000e\000n\000t\000s}{}% 3
\BOOKMARK [0][-]{dummy.4}{\376\377\000T\000a\000b\000l\000e\000\040\000o\000f\000\040\000C\000o\000n\000t\000e\000n\000t\000s}{}% 4
\BOOKMARK [0][-]{dummy.6}{\376\377\000L\000i\000s\000t\000\040\000o\000f\000\040\000T\000a\000b\000l\000e\000s}{}% 5
\BOOKMARK [0][-]{dummy.8}{\376\377\000L\000i\000s\000t\000\040\000o\000f\000\040\000F\000i\000g\000u\000r\000e\000s}{}% 6
\BOOKMARK [0][-]{dummy.10}{\376\377\000L\000i\000s\000t\000\040\000o\000f\000\040\000A\000b\000b\000r\000e\000v\000i\000a\000t\000i\000o\000n\000s}{}% 7
\BOOKMARK [0][-]{chapter.12}{\376\377\0001\000\040\000I\000n\000t\000r\000o\000d\000u\000c\000t\000i\000o\000n}{}% 8
\BOOKMARK [0][-]{chapter.13}{\376\377\0002\000\040\000L\000i\000t\000e\000r\000a\000t\000u\000r\000e\000\040\000S\000u\000r\000v\000e\000y}{}% 9
\BOOKMARK [1][-]{section.14}{\376\377\0002\000.\0001\000\040\000V\000i\000s\000u\000a\000l\000\040\000D\000e\000t\000e\000c\000t\000i\000o\000n\000\040\000M\000e\000t\000h\000o\000d\000s}{chapter.13}% 10
\BOOKMARK [1][-]{section.15}{\376\377\0002\000.\0002\000\040\000A\000u\000d\000i\000o\000-\000B\000a\000s\000e\000d\000\040\000D\000e\000t\000e\000c\000t\000i\000o\000n\000\040\000M\000e\000t\000h\000o\000d\000s}{chapter.13}% 11
\BOOKMARK [1][-]{section.16}{\376\377\0002\000.\0003\000\040\000T\000e\000m\000p\000o\000r\000a\000l\000\040\000a\000n\000d\000\040\000M\000u\000l\000t\000i\000m\000o\000d\000a\000l\000\040\000M\000e\000t\000h\000o\000d\000s}{chapter.13}% 12
\BOOKMARK [1][-]{section.17}{\376\377\0002\000.\0004\000\040\000R\000e\000s\000e\000a\000r\000c\000h\000\040\000G\000a\000p}{chapter.13}% 13
\BOOKMARK [1][-]{section.18}{\376\377\0002\000.\0005\000\040\000R\000e\000l\000a\000t\000i\000o\000n\000\040\000t\000o\000\040\000R\000e\000s\000e\000a\000r\000c\000h\000\040\000Q\000u\000e\000s\000t\000i\000o\000n}{chapter.13}% 14
\BOOKMARK [0][-]{chapter.19}{\376\377\0003\000\040\000A\000p\000p\000r\000o\000a\000c\000h}{}% 15
\BOOKMARK [1][-]{section.20}{\376\377\0003\000.\0001\000\040\000O\000v\000e\000r\000a\000l\000l\000\040\000A\000p\000p\000r\000o\000a\000c\000h}{chapter.19}% 16
\BOOKMARK [1][-]{section.21}{\376\377\0003\000.\0002\000\040\000S\000y\000s\000t\000e\000m\000\040\000A\000r\000c\000h\000i\000t\000e\000c\000t\000u\000r\000e}{chapter.19}% 17
\BOOKMARK [1][-]{section.22}{\376\377\0003\000.\0003\000\040\000D\000a\000t\000a\000s\000e\000t}{chapter.19}% 18
\BOOKMARK [1][-]{section.23}{\376\377\0003\000.\0004\000\040\000E\000x\000p\000e\000c\000t\000e\000d\000\040\000C\000o\000n\000t\000r\000i\000b\000u\000t\000i\000o\000n}{chapter.19}% 19
\BOOKMARK [0][-]{chapter.24}{\376\377\0004\000\040\000R\000e\000s\000u\000l\000t\000s\000\040\000a\000n\000d\000\040\000D\000i\000s\000c\000u\000s\000s\000i\000o\000n}{}% 20
\BOOKMARK [0][-]{chapter.25}{\376\377\0005\000\040\000C\000o\000n\000c\000l\000u\000s\000i\000o\000n}{}% 21
\BOOKMARK [0][-]{dummy.26}{\376\377\000R\000e\000f\000e\000r\000e\000n\000c\000e}{}% 22
